D:/ISEN/ToucheGFXProjects/MyApplication_10/Core/Src/main.c:269:6:SystemClock_Config	88	static
D:/ISEN/ToucheGFXProjects/MyApplication_10/Core/Src/main.c:133:5:main	120	static,ignoring_inline_asm
D:/ISEN/ToucheGFXProjects/MyApplication_10/Core/Src/main.c:799:5:__io_putchar	16	static
D:/ISEN/ToucheGFXProjects/MyApplication_10/Core/Src/main.c:812:6:StartDefaultTask	8	static
D:/ISEN/ToucheGFXProjects/MyApplication_10/Core/Src/main.c:868:6:HAL_TIM_PeriodElapsedCallback	0	static
D:/ISEN/ToucheGFXProjects/MyApplication_10/Core/Src/main.c:885:6:Error_Handler	0	static
