D:/ISEN/ToucheGFXProjects/MyApplication_10/Core/Src/main.c:269:6:SystemClock_Config	1
D:/ISEN/ToucheGFXProjects/MyApplication_10/Core/Src/main.c:133:5:main	4
D:/ISEN/ToucheGFXProjects/MyApplication_10/Core/Src/main.c:805:5:__io_putchar	1
D:/ISEN/ToucheGFXProjects/MyApplication_10/Core/Src/main.c:818:6:StartDefaultTask	1
D:/ISEN/ToucheGFXProjects/MyApplication_10/Core/Src/main.c:874:6:HAL_TIM_PeriodElapsedCallback	2
D:/ISEN/ToucheGFXProjects/MyApplication_10/Core/Src/main.c:891:6:Error_Handler	1
