../../Middlewares/ST/touchgfx/framework/include/touchgfx/Screen.hpp:104:18:virtual void touchgfx::Screen::afterTransition()	0	static
../../Middlewares/ST/touchgfx/framework/include/touchgfx/Screen.hpp:115:18:virtual void touchgfx::Screen::tearDownScreen()	0	static
../../Middlewares/ST/touchgfx/framework/include/touchgfx/Screen.hpp:144:18:virtual void touchgfx::Screen::handleTickEvent()	0	static
../../Middlewares/ST/touchgfx/framework/include/touchgfx/Screen.hpp:154:18:virtual void touchgfx::Screen::handleKeyEvent(uint8_t)	0	static
D:/ISEN/ToucheGFXProjects/MyApplication_10/TouchGFX/generated/gui_generated/src/main_screen/MainViewBase.cpp:25:1:MainViewBase::~MainViewBase()	0	static
D:/ISEN/ToucheGFXProjects/MyApplication_10/TouchGFX/generated/gui_generated/src/main_screen/MainViewBase.cpp:30:6:virtual void MainViewBase::setupScreen()	0	static
D:/ISEN/ToucheGFXProjects/MyApplication_10/TouchGFX/generated/gui_generated/src/main_screen/MainViewBase.cpp:25:1:virtual MainViewBase::~MainViewBase()	8	static
D:/ISEN/ToucheGFXProjects/MyApplication_10/TouchGFX/generated/gui_generated/src/main_screen/MainViewBase.cpp:35:6:void MainViewBase::buttonCallbackHandler(const touchgfx::AbstractButton&)	0	static
